---
content:
  - "Name,Email,Phone\nBrian,brian@example.com,555-1212\n"
  - "Name,Email,Phone\nFoo,foo@example.com,555-1212,foo,bar,foo,baz,foo,bar\nChuck,chuck@example.com,555-1212\n"
  - "Name,Email,Phone\nDale,dale@example.com,555-1212\nEric,eric@example.com,555-1212\nFrank,frank@example.com,555-1212\n"
  - "Name,Email,Phone\nGeorge,george@example.com,555-1212\nHenry,henry@example.com,555-1212\nIvan,ivan@example.com,555-1212\n"
  - "Name,Email,Phone\nJack,jack@example.com,555-1212\nKen,ken@example.com,555-1212\nLarry,larry@example.com,555-1212\n"
  - "Name,Email,Phone\nMike,mike@example.com,555-1212\nBob,bob@example.com,555-1212\nJoe,joe@example.com,555-1212\n"
  - "Name,Email,Phone\nJane,jane@example.com,555-1212\nPaul,paul@example.com,555-1212\nSame,same@example.com,555-1212\n"
  - "Name,Email,Phone\nBill,bill@example.com,555-1212\nJim,jim@example.com,555-1212\nKevin,kevin@example.com,555-1212\n"
