---
content:
  - "Name|Email|Phone\nBrian|brian@example.com|555-1212\nChuck|chuck@example.com|555-1212\n"
  - "Name|Email|Phone\nDale|dale@example.com|555-1212\nEric|eric@example.com|555-1212\n"
  - "Name|Email|Phone\nFrank|frank@example.com|555-1212\nGeorge|george@example.com|555-1212\n"
  - "Name|Email|Phone\nHenry|henry@example.com|555-1212\nIvan|ivan@example.com|555-1212\n"
  - "Name|Email|Phone\nJack|jack@example.com|555-1212\nKen|ken@example.com|555-1212\n"
  - "Name|Email|Phone\nLarry|larry@example.com|555-1212\nMike|mike@example.com|555-1212\n"
  - "Name|Email|Phone\nBob|bob@example.com|555-1212\nJoe|joe@example.com|555-1212\n"
  - "Name|Email|Phone\nJane|jane@example.com|555-1212\nPaul|paul@example.com|555-1212\n"
  - "Name|Email|Phone\nSame|same@example.com|555-1212\nBill|bill@example.com|555-1212\n"
  - "Name|Email|Phone\nJim|jim@example.com|555-1212\nKevin|kevin@example.com|555-1212\n"
